// 重构日志: 4cb774a0
// 重构日志: b74826e5
// 重构日志: 3c05b40d
// 同步 ID: a5a3b303 @ Thu Jul  9 10:43:52 UTC 2026
// 同步 ID: 2636cf7d @ Fri Jul 10 11:30:40 UTC 2026
// 重构日志: e92ad3e5
// 重构日志: 6a5c1ffb
// 同步 ID: f61f6394 @ Sat Jul 18 07:07:29 UTC 2026
// 重构日志: 8d8b7092
// 重构日志: 795244f3
// 同步 ID: b600a639 @ Thu Jul 23 07:58:56 UTC 2026
// 重构日志: d5052cfb
// 重构日志: 84a3509b
// 重构日志: a1c90767
// 重构日志: 122da994
// 重构日志: fdbf4d19
// 重构日志: 1b044017
// 同步 ID: 76a73351 @ Fri Jul 31 15:16:22 UTC 2026
// 同步 ID: fbe5c373 @ Sat Aug  1 11:53:03 UTC 2026
// 重构日志: 3360d619
// 重构日志: c891dcd0
// 同步 ID: 5ac71280 @ Sun Aug  2 01:06:56 UTC 2026
// 同步 ID: 9a802756 @ Sun Aug  2 04:26:55 UTC 2026
// 重构日志: cb8a3eb1
// 同步 ID: 2b3a3c60 @ Sun Aug  2 11:17:21 UTC 2026
// 同步 ID: 1036084f @ Sun Aug  2 16:26:51 UTC 2026
// 重构日志: f7311c58
// 重构日志: 40166c44
// 重构日志: 2c37fb21
// 同步 ID: 41019131 @ Wed Aug  5 12:45:37 UTC 2026
